src/components/offering/OfferingMethods.tsx(11,34): error TS2339: Property 'copied' does not exist on type '{ readonly title: string; readonly subtitle: string; readonly bankTransferTitle: string; readonly bankName: string; readonly accountName: string; readonly accountNumber: string; readonly reference: string; readonly referenceHint: string; readonly cashTitle: string; readonly cashDesc: string; readonly cashNote: strin...'.
src/components/offering/OfferingMethods.tsx(16,34): error TS2339: Property 'copied' does not exist on type '{ readonly title: string; readonly subtitle: string; readonly bankTransferTitle: string; readonly bankName: string; readonly accountName: string; readonly accountNumber: string; readonly reference: string; readonly referenceHint: string; readonly cashTitle: string; readonly cashDesc: string; readonly cashNote: strin...'.
src/components/offering/OfferingMethods.tsx(44,53): error TS2551: Property 'bankTransferSubtitle' does not exist on type '{ readonly title: string; readonly subtitle: string; readonly bankTransferTitle: string; readonly bankName: string; readonly accountName: string; readonly accountNumber: string; readonly reference: string; readonly referenceHint: string; readonly cashTitle: string; readonly cashDesc: string; readonly cashNote: strin...'. Did you mean 'bankTransferTitle'?
src/components/offering/OfferingMethods.tsx(61,57): error TS2339: Property 'step1Label' does not exist on type '{ readonly title: string; readonly subtitle: string; readonly bankTransferTitle: string; readonly bankName: string; readonly accountName: string; readonly accountNumber: string; readonly reference: string; readonly referenceHint: string; readonly cashTitle: string; readonly cashDesc: string; readonly cashNote: strin...'.
src/components/offering/OfferingMethods.tsx(75,65): error TS2339: Property 'clickToCopy' does not exist on type '{ readonly title: string; readonly subtitle: string; readonly bankTransferTitle: string; readonly bankName: string; readonly accountName: string; readonly accountNumber: string; readonly reference: string; readonly referenceHint: string; readonly cashTitle: string; readonly cashDesc: string; readonly cashNote: strin...'.
src/components/offering/OfferingMethods.tsx(83,57): error TS2339: Property 'step1Hint' does not exist on type '{ readonly title: string; readonly subtitle: string; readonly bankTransferTitle: string; readonly bankName: string; readonly accountName: string; readonly accountNumber: string; readonly reference: string; readonly referenceHint: string; readonly cashTitle: string; readonly cashDesc: string; readonly cashNote: strin...'.
src/components/offering/OfferingMethods.tsx(98,57): error TS2339: Property 'step2Label' does not exist on type '{ readonly title: string; readonly subtitle: string; readonly bankTransferTitle: string; readonly bankName: string; readonly accountName: string; readonly accountNumber: string; readonly reference: string; readonly referenceHint: string; readonly cashTitle: string; readonly cashDesc: string; readonly cashNote: strin...'.
src/components/offering/OfferingMethods.tsx(112,65): error TS2339: Property 'clickToCopy' does not exist on type '{ readonly title: string; readonly subtitle: string; readonly bankTransferTitle: string; readonly bankName: string; readonly accountName: string; readonly accountNumber: string; readonly reference: string; readonly referenceHint: string; readonly cashTitle: string; readonly cashDesc: string; readonly cashNote: strin...'.
src/components/offering/OfferingMethods.tsx(120,57): error TS2339: Property 'step2Hint' does not exist on type '{ readonly title: string; readonly subtitle: string; readonly bankTransferTitle: string; readonly bankName: string; readonly accountName: string; readonly accountNumber: string; readonly reference: string; readonly referenceHint: string; readonly cashTitle: string; readonly cashDesc: string; readonly cashNote: strin...'.
src/components/offering/OfferingMethods.tsx(134,57): error TS2339: Property 'step3Label' does not exist on type '{ readonly title: string; readonly subtitle: string; readonly bankTransferTitle: string; readonly bankName: string; readonly accountName: string; readonly accountNumber: string; readonly reference: string; readonly referenceHint: string; readonly cashTitle: string; readonly cashDesc: string; readonly cashNote: strin...'.
src/components/offering/OfferingMethods.tsx(139,65): error TS2339: Property 'nameAndId' does not exist on type '{ readonly title: string; readonly subtitle: string; readonly bankTransferTitle: string; readonly bankName: string; readonly accountName: string; readonly accountNumber: string; readonly reference: string; readonly referenceHint: string; readonly cashTitle: string; readonly cashDesc: string; readonly cashNote: strin...'.
src/components/offering/OfferingMethods.tsx(142,65): error TS2339: Property 'enterFullName' does not exist on type '{ readonly title: string; readonly subtitle: string; readonly bankTransferTitle: string; readonly bankName: string; readonly accountName: string; readonly accountNumber: string; readonly reference: string; readonly referenceHint: string; readonly cashTitle: string; readonly cashDesc: string; readonly cashNote: strin...'.
src/components/offering/OfferingMethods.tsx(145,65): error TS2339: Property 'nameNote' does not exist on type '{ readonly title: string; readonly subtitle: string; readonly bankTransferTitle: string; readonly bankName: string; readonly accountName: string; readonly accountNumber: string; readonly reference: string; readonly referenceHint: string; readonly cashTitle: string; readonly cashDesc: string; readonly cashNote: strin...'.
src/components/offering/OfferingMethods.tsx(150,65): error TS2339: Property 'offeringCategory' does not exist on type '{ readonly title: string; readonly subtitle: string; readonly bankTransferTitle: string; readonly bankName: string; readonly accountName: string; readonly accountNumber: string; readonly reference: string; readonly referenceHint: string; readonly cashTitle: string; readonly cashDesc: string; readonly cashNote: strin...'.
src/components/offering/OfferingMethods.tsx(153,65): error TS2339: Property 'categoryExamples' does not exist on type '{ readonly title: string; readonly subtitle: string; readonly bankTransferTitle: string; readonly bankName: string; readonly accountName: string; readonly accountNumber: string; readonly reference: string; readonly referenceHint: string; readonly cashTitle: string; readonly cashDesc: string; readonly cashNote: strin...'.
src/components/offering/OfferingMethods.tsx(156,65): error TS2339: Property 'categoryNote' does not exist on type '{ readonly title: string; readonly subtitle: string; readonly bankTransferTitle: string; readonly bankName: string; readonly accountName: string; readonly accountNumber: string; readonly reference: string; readonly referenceHint: string; readonly cashTitle: string; readonly cashDesc: string; readonly cashNote: strin...'.
src/components/offering/OfferingMethods.tsx(162,61): error TS2339: Property 'categoryReference' does not exist on type '{ readonly title: string; readonly subtitle: string; readonly bankTransferTitle: string; readonly bankName: string; readonly accountName: string; readonly accountNumber: string; readonly reference: string; readonly referenceHint: string; readonly cashTitle: string; readonly cashDesc: string; readonly cashNote: strin...'.
src/components/offering/OfferingMethods.tsx(185,61): error TS2551: Property 'cashSubtitle' does not exist on type '{ readonly title: string; readonly subtitle: string; readonly bankTransferTitle: string; readonly bankName: string; readonly accountName: string; readonly accountNumber: string; readonly reference: string; readonly referenceHint: string; readonly cashTitle: string; readonly cashDesc: string; readonly cashNote: strin...'. Did you mean 'cashTitle'?
src/components/offering/OfferingMethods.tsx(195,61): error TS2339: Property 'serviceTimeLabel' does not exist on type '{ readonly title: string; readonly subtitle: string; readonly bankTransferTitle: string; readonly bankName: string; readonly accountName: string; readonly accountNumber: string; readonly reference: string; readonly referenceHint: string; readonly cashTitle: string; readonly cashDesc: string; readonly cashNote: strin...'.
src/components/offering/OfferingMethods.tsx(209,61): error TS2339: Property 'bagAndBoxTitle' does not exist on type '{ readonly title: string; readonly subtitle: string; readonly bankTransferTitle: string; readonly bankName: string; readonly accountName: string; readonly accountNumber: string; readonly reference: string; readonly referenceHint: string; readonly cashTitle: string; readonly cashDesc: string; readonly cashNote: strin...'.
src/components/offering/OfferingMethods.tsx(212,61): error TS2339: Property 'bagAndBoxDesc' does not exist on type '{ readonly title: string; readonly subtitle: string; readonly bankTransferTitle: string; readonly bankName: string; readonly accountName: string; readonly accountNumber: string; readonly reference: string; readonly referenceHint: string; readonly cashTitle: string; readonly cashDesc: string; readonly cashNote: strin...'.
src/components/offering/OfferingMethods.tsx(218,61): error TS2339: Property 'receiptTitle' does not exist on type '{ readonly title: string; readonly subtitle: string; readonly bankTransferTitle: string; readonly bankName: string; readonly accountName: string; readonly accountNumber: string; readonly reference: string; readonly referenceHint: string; readonly cashTitle: string; readonly cashDesc: string; readonly cashNote: strin...'.
src/components/offering/OfferingMethods.tsx(221,61): error TS2339: Property 'receiptDesc' does not exist on type '{ readonly title: string; readonly subtitle: string; readonly bankTransferTitle: string; readonly bankName: string; readonly accountName: string; readonly accountNumber: string; readonly reference: string; readonly referenceHint: string; readonly cashTitle: string; readonly cashDesc: string; readonly cashNote: strin...'.
src/components/offering/ScriptureQuote.tsx(16,51): error TS2339: Property 'bookRef' does not exist on type '{ readonly text: string; readonly reference: string; }'.
src/components/offering/ScriptureQuote.tsx(20,55): error TS2339: Property 'verse1' does not exist on type '{ readonly text: string; readonly reference: string; }'.
src/components/offering/ScriptureQuote.tsx(23,55): error TS2339: Property 'verse2' does not exist on type '{ readonly text: string; readonly reference: string; }'.
src/components/offering/ScriptureQuote.tsx(27,59): error TS2339: Property 'verse3' does not exist on type '{ readonly text: string; readonly reference: string; }'.
src/components/prayer/PrayerForm.tsx(22,33): error TS2339: Property 'fillRequired' does not exist on type '{ readonly title: string; readonly nameLabel: string; readonly namePlaceholder: string; readonly requestLabel: string; readonly requestPlaceholder: string; readonly privateLabel: string; ... 4 more ...; readonly submitAnother: string; }'.
src/components/prayer/PrayerForm.tsx(39,53): error TS2339: Property 'submitFailed' does not exist on type '{ readonly title: string; readonly nameLabel: string; readonly namePlaceholder: string; readonly requestLabel: string; readonly requestPlaceholder: string; readonly privateLabel: string; ... 4 more ...; readonly submitAnother: string; }'.
src/components/prayer/PrayerForm.tsx(43,33): error TS2339: Property 'submitError' does not exist on type '{ readonly title: string; readonly nameLabel: string; readonly namePlaceholder: string; readonly requestLabel: string; readonly requestPlaceholder: string; readonly privateLabel: string; ... 4 more ...; readonly submitAnother: string; }'.
src/components/prayer/PrayerForm.tsx(56,36): error TS2339: Property 'subtitle' does not exist on type '{ readonly title: string; readonly nameLabel: string; readonly namePlaceholder: string; readonly requestLabel: string; readonly requestPlaceholder: string; readonly privateLabel: string; ... 4 more ...; readonly submitAnother: string; }'.
src/components/prayer/PrayerForm.tsx(87,44): error TS2339: Property 'contactLabel' does not exist on type '{ readonly title: string; readonly nameLabel: string; readonly namePlaceholder: string; readonly requestLabel: string; readonly requestPlaceholder: string; readonly privateLabel: string; ... 4 more ...; readonly submitAnother: string; }'.
src/components/prayer/PrayerForm.tsx(102,60): error TS2551: Property 'contactPlaceholder' does not exist on type '{ readonly title: string; readonly nameLabel: string; readonly namePlaceholder: string; readonly requestLabel: string; readonly requestPlaceholder: string; readonly privateLabel: string; ... 4 more ...; readonly submitAnother: string; }'. Did you mean 'namePlaceholder'?
src/components/prayer/PrayerForm.tsx(111,40): error TS2339: Property 'categoryLabel' does not exist on type '{ readonly title: string; readonly nameLabel: string; readonly namePlaceholder: string; readonly requestLabel: string; readonly requestPlaceholder: string; readonly privateLabel: string; ... 4 more ...; readonly submitAnother: string; }'.
src/components/prayer/PrayerForm.tsx(127,48): error TS2339: Property 'categoryPlaceholder' does not exist on type '{ readonly title: string; readonly nameLabel: string; readonly namePlaceholder: string; readonly requestLabel: string; readonly requestPlaceholder: string; readonly privateLabel: string; ... 4 more ...; readonly submitAnother: string; }'.
src/components/prayer/PrayerForm.tsx(129,67): error TS2339: Property 'catHealth' does not exist on type '{ readonly title: string; readonly nameLabel: string; readonly namePlaceholder: string; readonly requestLabel: string; readonly requestPlaceholder: string; readonly privateLabel: string; ... 4 more ...; readonly submitAnother: string; }'.
src/components/prayer/PrayerForm.tsx(130,67): error TS2339: Property 'catFamily' does not exist on type '{ readonly title: string; readonly nameLabel: string; readonly namePlaceholder: string; readonly requestLabel: string; readonly requestPlaceholder: string; readonly privateLabel: string; ... 4 more ...; readonly submitAnother: string; }'.
src/components/prayer/PrayerForm.tsx(131,65): error TS2339: Property 'catWork' does not exist on type '{ readonly title: string; readonly nameLabel: string; readonly namePlaceholder: string; readonly requestLabel: string; readonly requestPlaceholder: string; readonly privateLabel: string; ... 4 more ...; readonly submitAnother: string; }'.
src/components/prayer/PrayerForm.tsx(132,70): error TS2339: Property 'catSpiritual' does not exist on type '{ readonly title: string; readonly nameLabel: string; readonly namePlaceholder: string; readonly requestLabel: string; readonly requestPlaceholder: string; readonly privateLabel: string; ... 4 more ...; readonly submitAnother: string; }'.
src/components/prayer/PrayerForm.tsx(133,66): error TS2339: Property 'catOther' does not exist on type '{ readonly title: string; readonly nameLabel: string; readonly namePlaceholder: string; readonly requestLabel: string; readonly requestPlaceholder: string; readonly privateLabel: string; ... 4 more ...; readonly submitAnother: string; }'.
src/components/prayer/PrayerForm.tsx(146,40): error TS2339: Property 'contentLabel' does not exist on type '{ readonly title: string; readonly nameLabel: string; readonly namePlaceholder: string; readonly requestLabel: string; readonly requestPlaceholder: string; readonly privateLabel: string; ... 4 more ...; readonly submitAnother: string; }'.
src/components/prayer/PrayerForm.tsx(179,44): error TS2339: Property 'privateDesc' does not exist on type '{ readonly title: string; readonly nameLabel: string; readonly namePlaceholder: string; readonly requestLabel: string; readonly requestPlaceholder: string; readonly privateLabel: string; ... 4 more ...; readonly submitAnother: string; }'.
src/components/prayer/PrayerSidebar.tsx(31,43): error TS2339: Property 'prayForYou' does not exist on type '{ readonly infoTitle: string; readonly email: string; readonly phone: string; readonly scriptureTitle: string; readonly scriptureText: string; readonly scriptureRef: string; }'.
src/components/prayer/PrayerSidebar.tsx(35,39): error TS2339: Property 'prayForYouDesc' does not exist on type '{ readonly infoTitle: string; readonly email: string; readonly phone: string; readonly scriptureTitle: string; readonly scriptureText: string; readonly scriptureRef: string; }'.
src/components/prayer/PrayerSidebar.tsx(39,45): error TS2339: Property 'privacyNote' does not exist on type '{ readonly infoTitle: string; readonly email: string; readonly phone: string; readonly scriptureTitle: string; readonly scriptureText: string; readonly scriptureRef: string; }'.
src/components/prayer/PrayerSidebar.tsx(46,39): error TS2339: Property 'emergencyContact' does not exist on type '{ readonly infoTitle: string; readonly email: string; readonly phone: string; readonly scriptureTitle: string; readonly scriptureText: string; readonly scriptureRef: string; }'.
